// Jest Snapshot v1, https://goo.gl/fbAQLP

exports[`cdk-extensions/all passes snapshot tests 1`] = `"Hello snapshots"`;
